::1 - - [27/Apr/2026 15:13:55] "GET /doctor.html?id=dr-raed HTTP/1.1" 200 -
::1 - - [27/Apr/2026 15:16:45] "GET /assets/images/blog/blog-1.jpg HTTP/1.1" 304 -
::1 - - [27/Apr/2026 15:16:47] "GET /assets/images/blog/blog-4.jpg HTTP/1.1" 304 -
::1 - - [27/Apr/2026 15:16:48] "GET /assets/images/blog/blog-10.jpg HTTP/1.1" 304 -
::1 - - [27/Apr/2026 15:17:05] "GET /index.html HTTP/1.1" 200 -
::1 - - [27/Apr/2026 15:17:05] "GET /assets/images/hero/hero-clinic.jpg HTTP/1.1" 304 -
::1 - - [27/Apr/2026 15:17:05] "GET /assets/css/custom.css HTTP/1.1" 304 -
::1 - - [27/Apr/2026 15:17:05] "GET /assets/images/hero/hero-pet.png HTTP/1.1" 304 -
::1 - - [27/Apr/2026 15:17:05] "GET /assets/js/main.js HTTP/1.1" 304 -
::1 - - [27/Apr/2026 15:17:05] "GET /assets/images/services/vaccine-dog.png HTTP/1.1" 304 -
::1 - - [27/Apr/2026 15:17:05] "GET /assets/images/services/pets.jpg HTTP/1.1" 304 -
::1 - - [27/Apr/2026 15:17:05] "GET /assets/images/services/fleas.png HTTP/1.1" 304 -
::1 - - [27/Apr/2026 15:17:05] "GET /assets/images/gallery/gallery-2.jpg HTTP/1.1" 304 -
::1 - - [27/Apr/2026 15:17:05] "GET /assets/images/contact/clinic-contact-1.jpg HTTP/1.1" 304 -
::1 - - [27/Apr/2026 15:17:05] "GET /assets/images/team/jawad.jpg HTTP/1.1" 304 -
::1 - - [27/Apr/2026 15:17:05] "GET /assets/data/reviews.json HTTP/1.1" 200 -
::1 - - [27/Apr/2026 15:17:05] "GET /assets/images/hero/petly-logo.png HTTP/1.1" 304 -
::1 - - [27/Apr/2026 15:17:48] "GET /doctor.html?id=jawad-al-ajlouni HTTP/1.1" 200 -
::1 - - [27/Apr/2026 15:17:48] "GET /assets/css/custom.css HTTP/1.1" 200 -
::1 - - [27/Apr/2026 15:17:49] "GET /assets/js/main.js HTTP/1.1" 200 -
::1 - - [27/Apr/2026 15:17:49] "GET /assets/data/team.json HTTP/1.1" 200 -
::1 - - [27/Apr/2026 15:17:49] "GET /assets/images/hero/petly-logo.png HTTP/1.1" 200 -
::1 - - [27/Apr/2026 15:17:49] "GET /assets/data/reviews.json HTTP/1.1" 200 -
::1 - - [27/Apr/2026 15:17:49] "GET /assets/images/gallery/clinic-banner.jpg HTTP/1.1" 200 -
::1 - - [27/Apr/2026 15:17:50] "GET /assets/images/team/jawad.jpg HTTP/1.1" 200 -
::1 - - [27/Apr/2026 15:17:50] "GET /assets/images/team/jinan.jpg HTTP/1.1" 200 -
::1 - - [27/Apr/2026 15:17:50] "GET /assets/images/team/yara.jpg HTTP/1.1" 200 -
::1 - - [27/Apr/2026 15:17:50] "GET /assets/images/team/adham.jpg HTTP/1.1" 200 -
::1 - - [27/Apr/2026 15:17:51] "GET /doctor.html?id=dr-adham HTTP/1.1" 200 -
::1 - - [27/Apr/2026 15:17:51] "GET /assets/data/reviews.json HTTP/1.1" 200 -
::1 - - [27/Apr/2026 15:17:51] "GET /assets/data/team.json HTTP/1.1" 200 -
::1 - - [27/Apr/2026 15:17:51] "GET /assets/images/team/malek.jpg HTTP/1.1" 200 -
::1 - - [27/Apr/2026 15:17:51] "GET /assets/images/team/raed.jpg HTTP/1.1" 200 -
::1 - - [27/Apr/2026 15:17:52] "GET /doctor.html?id=dr-raed HTTP/1.1" 200 -
::1 - - [27/Apr/2026 15:17:52] "GET /assets/data/reviews.json HTTP/1.1" 200 -
::1 - - [27/Apr/2026 15:17:52] "GET /assets/data/team.json HTTP/1.1" 200 -
::1 - - [27/Apr/2026 15:17:52] "GET /assets/images/team/hamzeh.jpg HTTP/1.1" 200 -
::1 - - [27/Apr/2026 15:17:53] "GET /doctor.html?id=dr-yara HTTP/1.1" 200 -
::1 - - [27/Apr/2026 15:17:53] "GET /assets/data/team.json HTTP/1.1" 200 -
::1 - - [27/Apr/2026 15:17:53] "GET /assets/data/reviews.json HTTP/1.1" 200 -
::1 - - [27/Apr/2026 15:18:18] "GET /doctor.html?id=jawad-al-ajlouni HTTP/1.1" 200 -
::1 - - [27/Apr/2026 15:18:18] "GET /assets/css/custom.css HTTP/1.1" 200 -
::1 - - [27/Apr/2026 15:18:18] "GET /assets/js/main.js HTTP/1.1" 200 -
::1 - - [27/Apr/2026 15:18:19] "GET /assets/data/team.json HTTP/1.1" 200 -
::1 - - [27/Apr/2026 15:18:19] "GET /assets/data/reviews.json HTTP/1.1" 200 -
::1 - - [27/Apr/2026 15:18:19] "GET /assets/images/hero/petly-logo.png HTTP/1.1" 200 -
::1 - - [27/Apr/2026 15:18:19] "GET /assets/images/gallery/clinic-banner.jpg HTTP/1.1" 200 -
::1 - - [27/Apr/2026 15:18:19] "GET /assets/images/team/hamzeh.jpg HTTP/1.1" 200 -
::1 - - [27/Apr/2026 15:18:19] "GET /assets/images/team/jawad.jpg HTTP/1.1" 200 -
::1 - - [27/Apr/2026 15:18:19] "GET /assets/images/team/yara.jpg HTTP/1.1" 200 -
::1 - - [27/Apr/2026 15:18:19] "GET /assets/images/team/adham.jpg HTTP/1.1" 200 -
::1 - - [27/Apr/2026 15:18:20] "GET /doctor.html?id=dr-adham HTTP/1.1" 200 -
::1 - - [27/Apr/2026 15:18:20] "GET /assets/data/team.json HTTP/1.1" 200 -
::1 - - [27/Apr/2026 15:18:20] "GET /assets/data/reviews.json HTTP/1.1" 200 -
::1 - - [27/Apr/2026 15:18:20] "GET /assets/images/team/malek.jpg HTTP/1.1" 200 -
::1 - - [27/Apr/2026 15:18:20] "GET /assets/images/team/jinan.jpg HTTP/1.1" 200 -
::1 - - [27/Apr/2026 15:18:21] "GET /doctor.html?id=dr-raed HTTP/1.1" 200 -
::1 - - [27/Apr/2026 15:18:21] "GET /assets/data/reviews.json HTTP/1.1" 200 -
::1 - - [27/Apr/2026 15:18:21] "GET /assets/data/team.json HTTP/1.1" 200 -
::1 - - [27/Apr/2026 15:18:21] "GET /assets/images/team/raed.jpg HTTP/1.1" 200 -
::1 - - [27/Apr/2026 15:18:21] "GET /assets/images/team/yara.jpg HTTP/1.1" 200 -
::1 - - [27/Apr/2026 15:18:22] "GET /doctor.html?id=dr-yara HTTP/1.1" 200 -
::1 - - [27/Apr/2026 15:18:23] "GET /assets/data/team.json HTTP/1.1" 200 -
::1 - - [27/Apr/2026 15:18:23] "GET /assets/data/reviews.json HTTP/1.1" 200 -
::1 - - [27/Apr/2026 15:18:23] "GET /assets/images/team/malek.jpg HTTP/1.1" 200 -
::1 - - [27/Apr/2026 15:19:53] "GET /doctor.html?id=dr-raed HTTP/1.1" 200 -
::1 - - [27/Apr/2026 15:19:53] "GET /assets/css/custom.css HTTP/1.1" 200 -
::1 - - [27/Apr/2026 15:19:53] "GET /assets/js/main.js HTTP/1.1" 200 -
::1 - - [27/Apr/2026 15:19:54] "GET /assets/data/team.json HTTP/1.1" 200 -
::1 - - [27/Apr/2026 15:19:54] "GET /assets/images/hero/petly-logo.png HTTP/1.1" 200 -
::1 - - [27/Apr/2026 15:19:54] "GET /assets/data/reviews.json HTTP/1.1" 200 -
::1 - - [27/Apr/2026 15:19:54] "GET /assets/images/gallery/clinic-banner.jpg HTTP/1.1" 200 -
::1 - - [27/Apr/2026 15:19:54] "GET /assets/images/team/raed.jpg HTTP/1.1" 200 -
::1 - - [27/Apr/2026 15:19:54] "GET /assets/images/team/malek.jpg HTTP/1.1" 200 -
::1 - - [27/Apr/2026 15:19:54] "GET /assets/images/team/jinan.jpg HTTP/1.1" 200 -
::1 - - [27/Apr/2026 15:19:54] "GET /assets/images/team/yara.jpg HTTP/1.1" 200 -
::1 - - [27/Apr/2026 15:21:27] "GET /doctor.html?id=dr-raed HTTP/1.1" 200 -
::1 - - [27/Apr/2026 15:21:27] "GET /assets/css/custom.css HTTP/1.1" 200 -
::1 - - [27/Apr/2026 15:21:28] "GET /assets/js/main.js HTTP/1.1" 200 -
::1 - - [27/Apr/2026 15:21:28] "GET /assets/images/hero/petly-logo.png HTTP/1.1" 200 -
::1 - - [27/Apr/2026 15:21:28] "GET /assets/data/reviews.json HTTP/1.1" 200 -
::1 - - [27/Apr/2026 15:21:28] "GET /assets/data/team.json HTTP/1.1" 200 -
::1 - - [27/Apr/2026 15:21:28] "GET /assets/images/gallery/clinic-banner.jpg HTTP/1.1" 200 -
::1 - - [27/Apr/2026 15:21:28] "GET /assets/images/team/yara.jpg HTTP/1.1" 200 -
::1 - - [27/Apr/2026 15:21:28] "GET /assets/images/team/malek.jpg HTTP/1.1" 200 -
::1 - - [27/Apr/2026 15:21:28] "GET /assets/images/team/jinan.jpg HTTP/1.1" 200 -
::1 - - [27/Apr/2026 15:21:28] "GET /assets/images/team/raed.jpg HTTP/1.1" 200 -
::1 - - [27/Apr/2026 15:23:25] "GET /doctor.html?id=jawad-al-ajlouni HTTP/1.1" 200 -
::1 - - [27/Apr/2026 15:23:25] "GET /assets/css/custom.css HTTP/1.1" 200 -
::1 - - [27/Apr/2026 15:23:26] "GET /assets/js/main.js HTTP/1.1" 200 -
::1 - - [27/Apr/2026 15:23:26] "GET /assets/data/team.json HTTP/1.1" 200 -
::1 - - [27/Apr/2026 15:23:26] "GET /assets/images/hero/petly-logo.png HTTP/1.1" 200 -
::1 - - [27/Apr/2026 15:23:26] "GET /assets/data/reviews.json HTTP/1.1" 200 -
::1 - - [27/Apr/2026 15:23:26] "GET /assets/images/gallery/clinic-banner.jpg HTTP/1.1" 200 -
::1 - - [27/Apr/2026 15:23:26] "GET /assets/images/team/jawad.jpg HTTP/1.1" 200 -
::1 - - [27/Apr/2026 15:23:26] "GET /assets/images/team/yara.jpg HTTP/1.1" 200 -
::1 - - [27/Apr/2026 15:23:26] "GET /assets/images/team/raed.jpg HTTP/1.1" 200 -
::1 - - [27/Apr/2026 15:23:26] "GET /assets/images/team/adham.jpg HTTP/1.1" 200 -
::1 - - [27/Apr/2026 15:23:28] "GET /doctor.html?id=dr-adham HTTP/1.1" 200 -
::1 - - [27/Apr/2026 15:23:28] "GET /assets/css/custom.css HTTP/1.1" 304 -
::1 - - [27/Apr/2026 15:23:28] "GET /assets/data/reviews.json HTTP/1.1" 200 -
::1 - - [27/Apr/2026 15:23:28] "GET /assets/data/team.json HTTP/1.1" 200 -
::1 - - [27/Apr/2026 15:23:28] "GET /assets/images/team/jinan.jpg HTTP/1.1" 200 -
::1 - - [27/Apr/2026 15:23:28] "GET /assets/images/team/hamzeh.jpg HTTP/1.1" 200 -
::1 - - [27/Apr/2026 15:23:28] "GET /assets/images/team/malek.jpg HTTP/1.1" 200 -
::1 - - [27/Apr/2026 15:23:30] "GET /doctor.html?id=dr-raed HTTP/1.1" 200 -
::1 - - [27/Apr/2026 15:23:30] "GET /assets/data/team.json HTTP/1.1" 200 -
::1 - - [27/Apr/2026 15:23:30] "GET /assets/data/reviews.json HTTP/1.1" 200 -
::1 - - [27/Apr/2026 15:23:30] "GET /assets/images/team/raed.jpg HTTP/1.1" 200 -
::1 - - [27/Apr/2026 15:23:30] "GET /assets/images/team/yara.jpg HTTP/1.1" 200 -
::1 - - [27/Apr/2026 15:23:31] "GET /doctor.html?id=dr-yara HTTP/1.1" 200 -
::1 - - [27/Apr/2026 15:23:31] "GET /assets/data/reviews.json HTTP/1.1" 200 -
::1 - - [27/Apr/2026 15:23:31] "GET /assets/data/team.json HTTP/1.1" 200 -
::1 - - [27/Apr/2026 15:23:31] "GET /assets/images/team/hamzeh.jpg HTTP/1.1" 200 -
